// Jest Snapshot v1, https://goo.gl/fbAQLP

exports[`yarn-tool 1`] = `
Array [
  "test",
  "npm:publish",
  "npm:publish:lerna",
  "prepublish:yarn:install",
  "prepublishOnly",
  "prepublishOnly_",
  "prepublishOnly:check-bin",
  "prepublishOnly:lockfile",
  "prepublishOnly:update",
  "postpublish",
  "postpublish:changelog",
  "postpublish:git:commit",
  "postpublish:git:push",
  "postpublish:git:tag",
  "help",
  "ncu",
  "sort-package-json",
]
`;

exports[`yarn-tool 2`] = `
"{
  \\"test\\": \\"echo \\\\\\"Error: no test specified\\\\\\" && exit 1\\",
  \\"npm:publish\\": \\"npm publish\\",
  \\"npm:publish:lerna\\": \\"npx lerna publish --yes --bump patch\\",
  \\"prepublish:yarn:install\\": \\"yarn-tool install\\",
  \\"prepublishOnly\\": \\"yarn run ncu && yarn run prepublish:yarn:install && yarn run sort-package-json\\",
  \\"prepublishOnly_\\": \\"yarn run prepublishOnly:update && yarn run prepublishOnly:check-bin && yarn run test\\",
  \\"prepublishOnly:check-bin\\": \\"ynpx --quiet @yarn-tool/check-pkg-bin\\",
  \\"prepublishOnly:lockfile\\": \\"ynpx --quiet sync-lockfile\\",
  \\"prepublishOnly:update\\": \\"yarn run ncu && yarn run sort-package-json\\",
  \\"postpublish\\": \\"yarn run postpublish:changelog && yarn run postpublish:git:commit && yarn run postpublish:git:tag && yarn run postpublish:git:push\\",
  \\"postpublish:changelog\\": \\"ynpx --quiet @yarn-tool/changelog && git add ./CHANGELOG.md\\",
  \\"postpublish:git:commit\\": \\"git commit -m \\\\\\"chore(release): publish\\\\\\" . & echo postpublish:git:commit\\",
  \\"postpublish:git:push\\": \\"git push --follow-tags\\",
  \\"postpublish:git:tag\\": \\"ynpx --quiet @yarn-tool/tag\\",
  \\"help\\": \\"yarn-tool --help\\",
  \\"ncu\\": \\"ynpx yarn-tool -- ncu -u\\",
  \\"sort-package-json\\": \\"ynpx yarn-tool -- sort\\"
}"
`;
