// Jest Snapshot v1, https://goo.gl/fbAQLP

exports[`createDependencyTable 1`] = `Table []`;

exports[`createDependencyTable 2`] = `" package name  old version(s)    new version(s) "`;
