// Jest Snapshot v1, https://goo.gl/fbAQLP

exports[`describe ts-jest 1`] = `
{
  "error": undefined,
  "result": Any<String>,
}
`;

exports[`describe typescript 1`] = `
{
  "error": undefined,
  "result": Any<String>,
}
`;
