// Jest Snapshot v1, https://goo.gl/fbAQLP

exports[`packPackage 1`] = `
Object {
  "log": [Function],
  "packageDir": Any<String>,
  "packageTarball": Any<String>,
  "pkg": Any<Object>,
  "tarball": [Function],
}
`;
