// Jest Snapshot v1, https://goo.gl/fbAQLP

exports[`packageNameToTypes @next/typescript@^1.3.1 1`] = `
Object {
  "name": "@types/next__typescript",
  "result": Object {
    "escapedName": "@next%2ftypescript",
    "fetchSpec": "^1.3.1",
    "gitCommittish": undefined,
    "gitRange": undefined,
    "name": "@next/typescript",
    "raw": "@next/typescript@^1.3.1",
    "rawSpec": "^1.3.1",
    "registry": true,
    "saveSpec": null,
    "scope": "@next",
    "type": "range",
    "where": undefined,
  },
  "scope": "@types",
  "semver": "^1.3.1",
  "subname": "next__typescript",
}
`;
