// Jest Snapshot v1, https://goo.gl/fbAQLP

exports[`parseYarnLockRaw v1 1`] = `1`;

exports[`parseYarnLockRaw v2 1`] = `2`;

exports[`parseYarnLockRaw v3 1`] = `3`;
