// Jest Snapshot v1, https://goo.gl/fbAQLP

exports[`throw empty 1`] = `undefined`;
