// Jest Snapshot v1, https://goo.gl/fbAQLP

exports[`describe >x 2.x || * || <x || ~1.2.3beta ^4.0.0-dev.20200615 && 4.0.0-dev.20200615 < 4.0.0-dev.20200800 || 4.0.x - 4.0.2 || (4.0.x - 4.0.2) || >= 1 || =1 || ~> 2.0.0 || 1.2.3 - 1.2.4 - 1.2.5 || >=1.2.3 <=1.2.4 1`] = `
Array [
  Array [
    ">x",
    "2.x",
  ],
  Array [
    "*",
  ],
  Array [
    "<x",
  ],
  Array [
    "~1.2.3beta",
    "^4.0.0-dev.20200615",
    "4.0.0-dev.20200615",
    "<4.0.0-dev.20200800",
  ],
  Array [
    ">=4.0.0",
    "<=4.0.2",
  ],
  Array [
    "(4.0.x - 4.0.2)",
  ],
  Array [
    ">=1",
  ],
  Array [
    "=1",
  ],
  Array [
    "~>2.0.0",
  ],
  Array [
    "1.2.3",
    "-",
    "1.2.4",
    "-",
    "1.2.5",
  ],
  Array [
    ">=1.2.3",
    "<=1.2.4",
  ],
]
`;

exports[`describe >x 2.x || * || <x || ~1.2.3beta ^4.0.0-dev.20200615 && 4.0.0-dev.20200615 < 4.0.0-dev.20200800 || 4.0.x - 4.0.2 || (4.0.x - 4.0.2) || >= 1 || =1 || ~> 2.0.0 || 1.2.3 - 1.2.4 - 1.2.5 || >=1.2.3 <=1.2.4 2`] = `
Array [
  Array [
    ">x",
    "2.x",
  ],
  Array [
    "*",
  ],
  Array [
    "<x",
  ],
  Array [
    "~1.2.3beta",
    "^4.0.0-dev.20200615",
    "4.0.0-dev.20200615",
    "<4.0.0-dev.20200800",
  ],
  Array [
    ">=4.0.0",
    "<=4.0.2",
  ],
  Array [
    "(4.0.x - 4.0.2)",
  ],
  Array [
    ">=1",
  ],
  Array [
    "=1",
  ],
  Array [
    "~>2.0.0",
  ],
  Array [
    "1.2.3",
    "-",
    "1.2.4",
    "-",
    "1.2.5",
  ],
  Array [
    ">=1.2.3",
    "<=1.2.4",
  ],
]
`;

exports[`describe >x 2.x || * || <x || ~1.2.3beta ^4.0.0-dev.20200615 && 4.0.0-dev.20200615 < 4.0.0-dev.20200800 || 4.0.x - 4.0.2 || (4.0.x - 4.0.2) || >= 1 || =1 || ~> 2.0.0 || 1.2.3 - 1.2.4 - 1.2.5 || >=1.2.3 <=1.2.4 3`] = `">x 2.x * <x ~1.2.3beta ^4.0.0-dev.20200615 4.0.0-dev.20200615 <4.0.0-dev.20200800 >=4.0.0 <=4.0.2 (4.0.x - 4.0.2) >=1 =1 ~>2.0.0 1.2.3 - 1.2.4 - 1.2.5 >=1.2.3 <=1.2.4"`;
